/root/chip_env/lib/python3.11/site-packages/torch/functional.py:505: UserWarning: torch.meshgrid: in an upcoming release, it will be required to pass the indexing argument. (Triggered internally at /pytorch/aten/src/ATen/native/TensorShape.cpp:4381.)
  return _VF.meshgrid(tensors, **kwargs)  # type: ignore[attr-defined]
{"epoch": 3, "train_loss": 1.0486346611976622, "epoch_seconds": 28.902807753998786, "validation_top2": {"threshold": 0.5812587440013885, "auroc": 0.997037037037037, "auprc": 0.9995142538620798, "f1": 0.989010989010989, "precision_ng": 0.9782608695652174, "recall_ng": 1.0, "specificity_ok": 0.8666666666666667, "false_positive_rate_ok": 0.13333333333333333, "balanced_accuracy": 0.9333333333333333, "confusion": {"tn": 13, "fp": 2, "fn": 0, "tp": 90}, "per_defect_recall": {"missing_hole": 1.0, "mouse_bite": 1.0, "open_circuit": 1.0, "short": 1.0, "spur": 1.0, "spurious_copper": 1.0}, "images": 105}}
{"epoch": 6, "train_loss": 1.0472043256759644, "epoch_seconds": 27.561631277902052, "validation_top2": {"threshold": 0.61, "auroc": 0.9933333333333333, "auprc": 0.9989898989898989, "f1": 0.994413407821229, "precision_ng": 1.0, "recall_ng": 0.9888888888888889, "specificity_ok": 1.0, "false_positive_rate_ok": 0.0, "balanced_accuracy": 0.9944444444444445, "confusion": {"tn": 15, "fp": 0, "fn": 1, "tp": 89}, "per_defect_recall": {"missing_hole": 1.0, "mouse_bite": 1.0, "open_circuit": 1.0, "short": 1.0, "spur": 0.9333333333333333, "spurious_copper": 1.0}, "images": 105}}
{"epoch": 9, "train_loss": 1.0460934200286864, "epoch_seconds": 25.918475659098476, "validation_top2": {"threshold": 0.59, "auroc": 0.9948148148148149, "auprc": 0.999182098765432, "f1": 0.9888888888888889, "precision_ng": 0.9888888888888889, "recall_ng": 0.9888888888888889, "specificity_ok": 0.9333333333333333, "false_positive_rate_ok": 0.06666666666666667, "balanced_accuracy": 0.9611111111111111, "confusion": {"tn": 14, "fp": 1, "fn": 1, "tp": 89}, "per_defect_recall": {"missing_hole": 1.0, "mouse_bite": 1.0, "open_circuit": 1.0, "short": 1.0, "spur": 0.9333333333333333, "spurious_copper": 1.0}, "images": 105}}
{"epoch": 12, "train_loss": 1.0357771344184876, "epoch_seconds": 26.940728900022805, "validation_top2": {"threshold": 0.56, "auroc": 1.0, "auprc": 0.9999999999999999, "f1": 1.0, "precision_ng": 1.0, "recall_ng": 1.0, "specificity_ok": 1.0, "false_positive_rate_ok": 0.0, "balanced_accuracy": 1.0, "confusion": {"tn": 15, "fp": 0, "fn": 0, "tp": 90}, "per_defect_recall": {"missing_hole": 1.0, "mouse_bite": 1.0, "open_circuit": 1.0, "short": 1.0, "spur": 1.0, "spurious_copper": 1.0}, "images": 105}}
{
  "name": "no_replay_vertical_V050_seed20260910",
  "backbone": "resnet18",
  "image_size": 256,
  "prototype": true,
  "prototype_count": 417,
  "glass": true,
  "glass_steps": 1,
  "shots_per_class": 0,
  "include_classes": [
    "missing_hole",
    "mouse_bite",
    "open_circuit",
    "short",
    "spur",
    "spurious_copper"
  ],
  "train_classes": [
    "missing_hole",
    "mouse_bite",
    "open_circuit",
    "short",
    "spur",
    "spurious_copper"
  ],
  "eval_classes": [
    "missing_hole",
    "mouse_bite",
    "open_circuit",
    "short",
    "spur",
    "spurious_copper"
  ],
  "train_rank_start": 33,
  "train_rank_end": 40,
  "fixed_ok_train": true,
  "initial_weights": "/root/program_runs/iterative_no_replay/vertical/seed_20260910/V040/weights.pt",
  "learning_rate_scale": 0.5,
  "train_tile_counts": {
    "0": 3398,
    "1": 413
  },
  "train_tile_counts_by_class": {
    "ok": 3398,
    "missing_hole": 70,
    "mouse_bite": 74,
    "open_circuit": 71,
    "short": 69,
    "spur": 67,
    "spurious_copper": 62
  },
  "image_counts": {
    "train": 128,
    "val": 105,
    "test": 140
  },
  "epoch_samples": 2000,
  "epochs_completed": 12,
  "training_seconds": 329.8460446721874,
  "validation": {
    "max": {
      "threshold": 0.5700000000000001,
      "auroc": 1.0,
      "auprc": 0.9999999999999999,
      "f1": 1.0,
      "precision_ng": 1.0,
      "recall_ng": 1.0,
      "specificity_ok": 1.0,
      "false_positive_rate_ok": 0.0,
      "balanced_accuracy": 1.0,
      "confusion": {
        "tn": 15,
        "fp": 0,
        "fn": 0,
        "tp": 90
      },
      "per_defect_recall": {
        "missing_hole": 1.0,
        "mouse_bite": 1.0,
        "open_circuit": 1.0,
        "short": 1.0,
        "spur": 1.0,
        "spurious_copper": 1.0
      },
      "images": 105
    },
    "top2": {
      "threshold": 0.56,
      "auroc": 1.0,
      "auprc": 0.9999999999999999,
      "f1": 1.0,
      "precision_ng": 1.0,
      "recall_ng": 1.0,
      "specificity_ok": 1.0,
      "false_positive_rate_ok": 0.0,
      "balanced_accuracy": 1.0,
      "confusion": {
        "tn": 15,
        "fp": 0,
        "fn": 0,
        "tp": 90
      },
      "per_defect_recall": {
        "missing_hole": 1.0,
        "mouse_bite": 1.0,
        "open_circuit": 1.0,
        "short": 1.0,
        "spur": 1.0,
        "spurious_copper": 1.0
      },
      "images": 105
    },
    "top3": {
      "threshold": 0.56,
      "auroc": 1.0,
      "auprc": 0.9999999999999999,
      "f1": 1.0,
      "precision_ng": 1.0,
      "recall_ng": 1.0,
      "specificity_ok": 1.0,
      "false_positive_rate_ok": 0.0,
      "balanced_accuracy": 1.0,
      "confusion": {
        "tn": 15,
        "fp": 0,
        "fn": 0,
        "tp": 90
      },
      "per_defect_recall": {
        "missing_hole": 1.0,
        "mouse_bite": 1.0,
        "open_circuit": 1.0,
        "short": 1.0,
        "spur": 1.0,
        "spurious_copper": 1.0
      },
      "images": 105
    }
  },
  "test": {
    "max": {
      "threshold": 0.5700000000000001,
      "auroc": 0.9970833333333333,
      "auprc": 0.9995262647629121,
      "f1": 0.9915966386554622,
      "precision_ng": 1.0,
      "recall_ng": 0.9833333333333333,
      "specificity_ok": 1.0,
      "false_positive_rate_ok": 0.0,
      "balanced_accuracy": 0.9916666666666667,
      "confusion": {
        "tn": 20,
        "fp": 0,
        "fn": 2,
        "tp": 118
      },
      "per_defect_recall": {
        "missing_hole": 1.0,
        "mouse_bite": 1.0,
        "open_circuit": 1.0,
        "short": 1.0,
        "spur": 0.9,
        "spurious_copper": 1.0
      },
      "images": 140
    },
    "top2": {
      "threshold": 0.56,
      "auroc": 0.9974999999999999,
      "auprc": 0.9995918299346928,
      "f1": 0.9915966386554622,
      "precision_ng": 1.0,
      "recall_ng": 0.9833333333333333,
      "specificity_ok": 1.0,
      "false_positive_rate_ok": 0.0,
      "balanced_accuracy": 0.9916666666666667,
      "confusion": {
        "tn": 20,
        "fp": 0,
        "fn": 2,
        "tp": 118
      },
      "per_defect_recall": {
        "missing_hole": 1.0,
        "mouse_bite": 1.0,
        "open_circuit": 1.0,
        "short": 1.0,
        "spur": 0.9,
        "spurious_copper": 1.0
      },
      "images": 140
    },
    "top3": {
      "threshold": 0.56,
      "auroc": 0.9974999999999999,
      "auprc": 0.9995918299346928,
      "f1": 0.9915966386554622,
      "precision_ng": 1.0,
      "recall_ng": 0.9833333333333333,
      "specificity_ok": 1.0,
      "false_positive_rate_ok": 0.0,
      "balanced_accuracy": 0.9916666666666667,
      "confusion": {
        "tn": 20,
        "fp": 0,
        "fn": 2,
        "tp": 118
      },
      "per_defect_recall": {
        "missing_hole": 1.0,
        "mouse_bite": 1.0,
        "open_circuit": 1.0,
        "short": 1.0,
        "spur": 0.9,
        "spurious_copper": 1.0
      },
      "images": 140
    }
  },
  "selected_aggregation": "top2",
  "latency_mean_ms_per_tile": 1.3186188967665657,
  "latency_p95_ms_per_tile": 1.3237029867013916,
  "parameter_count": 4563783,
  "torch_version": "2.11.0+cu128",
  "cuda_version": "12.8",
  "device": "NVIDIA GeForce RTX 5080",
  "peak_gpu_memory_mb": 3404.55419921875,
  "normal_data_warning": "OK validation/test images are synthetic; real-OK calibration is pending"
}
