/root/chip_env/lib/python3.11/site-packages/torch/functional.py:505: UserWarning: torch.meshgrid: in an upcoming release, it will be required to pass the indexing argument. (Triggered internally at /pytorch/aten/src/ATen/native/TensorShape.cpp:4381.)
  return _VF.meshgrid(tensors, **kwargs)  # type: ignore[attr-defined]
{"epoch": 3, "train_loss": 1.0446416025161742, "epoch_seconds": 28.456204337067902, "validation_top2": {"threshold": 0.6394339799880981, "auroc": 1.0, "auprc": 0.9999999999999999, "f1": 1.0, "precision_ng": 1.0, "recall_ng": 1.0, "specificity_ok": 1.0, "false_positive_rate_ok": 0.0, "balanced_accuracy": 1.0, "confusion": {"tn": 15, "fp": 0, "fn": 0, "tp": 90}, "per_defect_recall": {"missing_hole": 1.0, "mouse_bite": 1.0, "open_circuit": 1.0, "short": 1.0, "spur": 1.0, "spurious_copper": 1.0}, "images": 105}}
{"epoch": 6, "train_loss": 1.0424656119346618, "epoch_seconds": 27.00256481813267, "validation_top2": {"threshold": 0.5800000000000001, "auroc": 0.9977777777777779, "auprc": 0.9996415770609317, "f1": 0.994413407821229, "precision_ng": 1.0, "recall_ng": 0.9888888888888889, "specificity_ok": 1.0, "false_positive_rate_ok": 0.0, "balanced_accuracy": 0.9944444444444445, "confusion": {"tn": 15, "fp": 0, "fn": 1, "tp": 89}, "per_defect_recall": {"missing_hole": 1.0, "mouse_bite": 1.0, "open_circuit": 1.0, "short": 1.0, "spur": 0.9333333333333333, "spurious_copper": 1.0}, "images": 105}}
{"epoch": 9, "train_loss": 1.0438645663261414, "epoch_seconds": 27.271741223987192, "validation_top2": {"threshold": 0.61, "auroc": 0.9962962962962963, "auprc": 0.9994152046783624, "f1": 0.994413407821229, "precision_ng": 1.0, "recall_ng": 0.9888888888888889, "specificity_ok": 1.0, "false_positive_rate_ok": 0.0, "balanced_accuracy": 0.9944444444444445, "confusion": {"tn": 15, "fp": 0, "fn": 1, "tp": 89}, "per_defect_recall": {"missing_hole": 1.0, "mouse_bite": 1.0, "open_circuit": 1.0, "short": 1.0, "spur": 0.9333333333333333, "spurious_copper": 1.0}, "images": 105}}
{"epoch": 12, "train_loss": 1.0342947058677674, "epoch_seconds": 28.955097614089027, "validation_top2": {"threshold": 0.54, "auroc": 1.0, "auprc": 0.9999999999999999, "f1": 1.0, "precision_ng": 1.0, "recall_ng": 1.0, "specificity_ok": 1.0, "false_positive_rate_ok": 0.0, "balanced_accuracy": 1.0, "confusion": {"tn": 15, "fp": 0, "fn": 0, "tp": 90}, "per_defect_recall": {"missing_hole": 1.0, "mouse_bite": 1.0, "open_circuit": 1.0, "short": 1.0, "spur": 1.0, "spurious_copper": 1.0}, "images": 105}}
{
  "name": "no_replay_vertical_V060_seed20260910",
  "backbone": "resnet18",
  "image_size": 256,
  "prototype": true,
  "prototype_count": 417,
  "glass": true,
  "glass_steps": 1,
  "shots_per_class": 0,
  "include_classes": [
    "missing_hole",
    "mouse_bite",
    "open_circuit",
    "short",
    "spur",
    "spurious_copper"
  ],
  "train_classes": [
    "missing_hole",
    "mouse_bite",
    "open_circuit",
    "short",
    "spur",
    "spurious_copper"
  ],
  "eval_classes": [
    "missing_hole",
    "mouse_bite",
    "open_circuit",
    "short",
    "spur",
    "spurious_copper"
  ],
  "train_rank_start": 41,
  "train_rank_end": 48,
  "fixed_ok_train": true,
  "initial_weights": "/root/program_runs/iterative_no_replay/vertical/seed_20260910/V050/weights.pt",
  "learning_rate_scale": 0.5,
  "train_tile_counts": {
    "0": 3398,
    "1": 315
  },
  "train_tile_counts_by_class": {
    "ok": 3398,
    "missing_hole": 51,
    "mouse_bite": 50,
    "open_circuit": 48,
    "short": 56,
    "spur": 55,
    "spurious_copper": 55
  },
  "image_counts": {
    "train": 128,
    "val": 105,
    "test": 140
  },
  "epoch_samples": 2000,
  "epochs_completed": 12,
  "training_seconds": 336.4347697652411,
  "validation": {
    "max": {
      "threshold": 0.643214225769043,
      "auroc": 1.0,
      "auprc": 0.9999999999999999,
      "f1": 1.0,
      "precision_ng": 1.0,
      "recall_ng": 1.0,
      "specificity_ok": 1.0,
      "false_positive_rate_ok": 0.0,
      "balanced_accuracy": 1.0,
      "confusion": {
        "tn": 15,
        "fp": 0,
        "fn": 0,
        "tp": 90
      },
      "per_defect_recall": {
        "missing_hole": 1.0,
        "mouse_bite": 1.0,
        "open_circuit": 1.0,
        "short": 1.0,
        "spur": 1.0,
        "spurious_copper": 1.0
      },
      "images": 105
    },
    "top2": {
      "threshold": 0.6394339799880981,
      "auroc": 1.0,
      "auprc": 0.9999999999999999,
      "f1": 1.0,
      "precision_ng": 1.0,
      "recall_ng": 1.0,
      "specificity_ok": 1.0,
      "false_positive_rate_ok": 0.0,
      "balanced_accuracy": 1.0,
      "confusion": {
        "tn": 15,
        "fp": 0,
        "fn": 0,
        "tp": 90
      },
      "per_defect_recall": {
        "missing_hole": 1.0,
        "mouse_bite": 1.0,
        "open_circuit": 1.0,
        "short": 1.0,
        "spur": 1.0,
        "spurious_copper": 1.0
      },
      "images": 105
    },
    "top3": {
      "threshold": 0.6359262665112814,
      "auroc": 1.0,
      "auprc": 0.9999999999999999,
      "f1": 1.0,
      "precision_ng": 1.0,
      "recall_ng": 1.0,
      "specificity_ok": 1.0,
      "false_positive_rate_ok": 0.0,
      "balanced_accuracy": 1.0,
      "confusion": {
        "tn": 15,
        "fp": 0,
        "fn": 0,
        "tp": 90
      },
      "per_defect_recall": {
        "missing_hole": 1.0,
        "mouse_bite": 1.0,
        "open_circuit": 1.0,
        "short": 1.0,
        "spur": 1.0,
        "spurious_copper": 1.0
      },
      "images": 105
    }
  },
  "test": {
    "max": {
      "threshold": 0.643214225769043,
      "auroc": 1.0,
      "auprc": 0.9999999999999998,
      "f1": 1.0,
      "precision_ng": 1.0,
      "recall_ng": 1.0,
      "specificity_ok": 1.0,
      "false_positive_rate_ok": 0.0,
      "balanced_accuracy": 1.0,
      "confusion": {
        "tn": 20,
        "fp": 0,
        "fn": 0,
        "tp": 120
      },
      "per_defect_recall": {
        "missing_hole": 1.0,
        "mouse_bite": 1.0,
        "open_circuit": 1.0,
        "short": 1.0,
        "spur": 1.0,
        "spurious_copper": 1.0
      },
      "images": 140
    },
    "top2": {
      "threshold": 0.6394339799880981,
      "auroc": 1.0,
      "auprc": 1.0,
      "f1": 1.0,
      "precision_ng": 1.0,
      "recall_ng": 1.0,
      "specificity_ok": 1.0,
      "false_positive_rate_ok": 0.0,
      "balanced_accuracy": 1.0,
      "confusion": {
        "tn": 20,
        "fp": 0,
        "fn": 0,
        "tp": 120
      },
      "per_defect_recall": {
        "missing_hole": 1.0,
        "mouse_bite": 1.0,
        "open_circuit": 1.0,
        "short": 1.0,
        "spur": 1.0,
        "spurious_copper": 1.0
      },
      "images": 140
    },
    "top3": {
      "threshold": 0.6359262665112814,
      "auroc": 1.0,
      "auprc": 1.0,
      "f1": 0.99581589958159,
      "precision_ng": 1.0,
      "recall_ng": 0.9916666666666667,
      "specificity_ok": 1.0,
      "false_positive_rate_ok": 0.0,
      "balanced_accuracy": 0.9958333333333333,
      "confusion": {
        "tn": 20,
        "fp": 0,
        "fn": 1,
        "tp": 119
      },
      "per_defect_recall": {
        "missing_hole": 1.0,
        "mouse_bite": 1.0,
        "open_circuit": 1.0,
        "short": 1.0,
        "spur": 0.95,
        "spurious_copper": 1.0
      },
      "images": 140
    }
  },
  "selected_aggregation": "top2",
  "latency_mean_ms_per_tile": 1.3220931228715926,
  "latency_p95_ms_per_tile": 1.3294935422891285,
  "parameter_count": 4563783,
  "torch_version": "2.11.0+cu128",
  "cuda_version": "12.8",
  "device": "NVIDIA GeForce RTX 5080",
  "peak_gpu_memory_mb": 3019.55419921875,
  "normal_data_warning": "OK validation/test images are synthetic; real-OK calibration is pending"
}
