/root/chip_env/lib/python3.11/site-packages/torch/functional.py:505: UserWarning: torch.meshgrid: in an upcoming release, it will be required to pass the indexing argument. (Triggered internally at /pytorch/aten/src/ATen/native/TensorShape.cpp:4381.)
  return _VF.meshgrid(tensors, **kwargs)  # type: ignore[attr-defined]
{"epoch": 3, "train_loss": 1.0677287356912597, "epoch_seconds": 35.221922191791236, "validation_top2": {"threshold": 0.5915093421936035, "auroc": 0.9325925925925926, "auprc": 0.9622279122657601, "f1": 0.9888888888888889, "precision_ng": 0.9888888888888889, "recall_ng": 0.9888888888888889, "specificity_ok": 0.9333333333333333, "false_positive_rate_ok": 0.06666666666666667, "balanced_accuracy": 0.9611111111111111, "confusion": {"tn": 14, "fp": 1, "fn": 1, "tp": 89}, "per_defect_recall": {"missing_hole": 1.0, "mouse_bite": 1.0, "open_circuit": 1.0, "short": 1.0, "spur": 0.9333333333333333, "spurious_copper": 1.0}, "images": 105}}
{"epoch": 6, "train_loss": 1.0638965328862844, "epoch_seconds": 37.01262907218188, "validation_top2": {"threshold": 0.6463385820388794, "auroc": 0.9355555555555556, "auprc": 0.9626906074652973, "f1": 0.994475138121547, "precision_ng": 0.989010989010989, "recall_ng": 1.0, "specificity_ok": 0.9333333333333333, "false_positive_rate_ok": 0.06666666666666667, "balanced_accuracy": 0.9666666666666667, "confusion": {"tn": 14, "fp": 1, "fn": 0, "tp": 90}, "per_defect_recall": {"missing_hole": 1.0, "mouse_bite": 1.0, "open_circuit": 1.0, "short": 1.0, "spur": 1.0, "spurious_copper": 1.0}, "images": 105}}
{"epoch": 9, "train_loss": 1.0559127764268355, "epoch_seconds": 36.065174064133316, "validation_top2": {"threshold": 0.61, "auroc": 0.9355555555555556, "auprc": 0.9626906074652973, "f1": 0.994475138121547, "precision_ng": 0.989010989010989, "recall_ng": 1.0, "specificity_ok": 0.9333333333333333, "false_positive_rate_ok": 0.06666666666666667, "balanced_accuracy": 0.9666666666666667, "confusion": {"tn": 14, "fp": 1, "fn": 0, "tp": 90}, "per_defect_recall": {"missing_hole": 1.0, "mouse_bite": 1.0, "open_circuit": 1.0, "short": 1.0, "spur": 1.0, "spurious_copper": 1.0}, "images": 105}}
{"epoch": 12, "train_loss": 1.0379083279735786, "epoch_seconds": 35.93090830906294, "validation_top2": {"threshold": 0.54, "auroc": 0.9355555555555557, "auprc": 0.9626906074652973, "f1": 0.994475138121547, "precision_ng": 0.989010989010989, "recall_ng": 1.0, "specificity_ok": 0.9333333333333333, "false_positive_rate_ok": 0.06666666666666667, "balanced_accuracy": 0.9666666666666667, "confusion": {"tn": 14, "fp": 1, "fn": 0, "tp": 90}, "per_defect_recall": {"missing_hole": 1.0, "mouse_bite": 1.0, "open_circuit": 1.0, "short": 1.0, "spur": 1.0, "spurious_copper": 1.0}, "images": 105}}
{
  "name": "vertical_V030_seed20260910",
  "backbone": "resnet18",
  "image_size": 256,
  "prototype": true,
  "prototype_count": 368,
  "glass": true,
  "glass_steps": 1,
  "shots_per_class": 24,
  "include_classes": [
    "missing_hole",
    "mouse_bite",
    "open_circuit",
    "short",
    "spur",
    "spurious_copper"
  ],
  "initial_weights": "/root/program_runs/iterative/vertical/seed_20260910/V020/weights.pt",
  "learning_rate_scale": 0.5,
  "train_tile_counts": {
    "0": 960,
    "1": 972
  },
  "train_tile_counts_by_class": {
    "ok": 960,
    "missing_hole": 155,
    "mouse_bite": 164,
    "open_circuit": 154,
    "short": 168,
    "spur": 163,
    "spurious_copper": 168
  },
  "image_counts": {
    "train": 168,
    "val": 105,
    "test": 140
  },
  "epoch_samples": 1944,
  "epochs_completed": 12,
  "training_seconds": 433.50752148614265,
  "validation": {
    "max": {
      "threshold": 0.649492621421814,
      "auroc": 0.9355555555555556,
      "auprc": 0.9626906074652973,
      "f1": 0.994475138121547,
      "precision_ng": 0.989010989010989,
      "recall_ng": 1.0,
      "specificity_ok": 0.9333333333333333,
      "false_positive_rate_ok": 0.06666666666666667,
      "balanced_accuracy": 0.9666666666666667,
      "confusion": {
        "tn": 14,
        "fp": 1,
        "fn": 0,
        "tp": 90
      },
      "per_defect_recall": {
        "missing_hole": 1.0,
        "mouse_bite": 1.0,
        "open_circuit": 1.0,
        "short": 1.0,
        "spur": 1.0,
        "spurious_copper": 1.0
      },
      "images": 105
    },
    "top2": {
      "threshold": 0.6463385820388794,
      "auroc": 0.9355555555555556,
      "auprc": 0.9626906074652973,
      "f1": 0.994475138121547,
      "precision_ng": 0.989010989010989,
      "recall_ng": 1.0,
      "specificity_ok": 0.9333333333333333,
      "false_positive_rate_ok": 0.06666666666666667,
      "balanced_accuracy": 0.9666666666666667,
      "confusion": {
        "tn": 14,
        "fp": 1,
        "fn": 0,
        "tp": 90
      },
      "per_defect_recall": {
        "missing_hole": 1.0,
        "mouse_bite": 1.0,
        "open_circuit": 1.0,
        "short": 1.0,
        "spur": 1.0,
        "spurious_copper": 1.0
      },
      "images": 105
    },
    "top3": {
      "threshold": 0.64,
      "auroc": 0.9355555555555556,
      "auprc": 0.9626906074652973,
      "f1": 0.994475138121547,
      "precision_ng": 0.989010989010989,
      "recall_ng": 1.0,
      "specificity_ok": 0.9333333333333333,
      "false_positive_rate_ok": 0.06666666666666667,
      "balanced_accuracy": 0.9666666666666667,
      "confusion": {
        "tn": 14,
        "fp": 1,
        "fn": 0,
        "tp": 90
      },
      "per_defect_recall": {
        "missing_hole": 1.0,
        "mouse_bite": 1.0,
        "open_circuit": 1.0,
        "short": 1.0,
        "spur": 1.0,
        "spurious_copper": 1.0
      },
      "images": 105
    }
  },
  "test": {
    "max": {
      "threshold": 0.649492621421814,
      "auroc": 0.86125,
      "auprc": 0.9348689073711067,
      "f1": 0.9876543209876543,
      "precision_ng": 0.975609756097561,
      "recall_ng": 1.0,
      "specificity_ok": 0.85,
      "false_positive_rate_ok": 0.15,
      "balanced_accuracy": 0.925,
      "confusion": {
        "tn": 17,
        "fp": 3,
        "fn": 0,
        "tp": 120
      },
      "per_defect_recall": {
        "missing_hole": 1.0,
        "mouse_bite": 1.0,
        "open_circuit": 1.0,
        "short": 1.0,
        "spur": 1.0,
        "spurious_copper": 1.0
      },
      "images": 140
    },
    "top2": {
      "threshold": 0.6463385820388794,
      "auroc": 0.86125,
      "auprc": 0.9348689073711067,
      "f1": 0.9876543209876543,
      "precision_ng": 0.975609756097561,
      "recall_ng": 1.0,
      "specificity_ok": 0.85,
      "false_positive_rate_ok": 0.15,
      "balanced_accuracy": 0.925,
      "confusion": {
        "tn": 17,
        "fp": 3,
        "fn": 0,
        "tp": 120
      },
      "per_defect_recall": {
        "missing_hole": 1.0,
        "mouse_bite": 1.0,
        "open_circuit": 1.0,
        "short": 1.0,
        "spur": 1.0,
        "spurious_copper": 1.0
      },
      "images": 140
    },
    "top3": {
      "threshold": 0.64,
      "auroc": 0.86125,
      "auprc": 0.9348689073711067,
      "f1": 0.9876543209876543,
      "precision_ng": 0.975609756097561,
      "recall_ng": 1.0,
      "specificity_ok": 0.85,
      "false_positive_rate_ok": 0.15,
      "balanced_accuracy": 0.925,
      "confusion": {
        "tn": 17,
        "fp": 3,
        "fn": 0,
        "tp": 120
      },
      "per_defect_recall": {
        "missing_hole": 1.0,
        "mouse_bite": 1.0,
        "open_circuit": 1.0,
        "short": 1.0,
        "spur": 1.0,
        "spurious_copper": 1.0
      },
      "images": 140
    }
  },
  "selected_aggregation": "top2",
  "latency_mean_ms_per_tile": 1.3316367592778988,
  "latency_p95_ms_per_tile": 1.339676425413927,
  "parameter_count": 4563783,
  "torch_version": "2.11.0+cu128",
  "cuda_version": "12.8",
  "device": "NVIDIA GeForce RTX 5080",
  "peak_gpu_memory_mb": 3019.55419921875,
  "normal_data_warning": "OK validation/test images are synthetic; real-OK calibration is pending"
}
