/root/chip_env/lib/python3.11/site-packages/torch/functional.py:505: UserWarning: torch.meshgrid: in an upcoming release, it will be required to pass the indexing argument. (Triggered internally at /pytorch/aten/src/ATen/native/TensorShape.cpp:4381.)
  return _VF.meshgrid(tensors, **kwargs)  # type: ignore[attr-defined]
{"epoch": 3, "train_loss": 1.0440348391532899, "epoch_seconds": 45.60213129105978, "validation_top2": {"threshold": 0.6, "auroc": 1.0, "auprc": 0.9999999999999999, "f1": 1.0, "precision_ng": 1.0, "recall_ng": 1.0, "specificity_ok": 1.0, "false_positive_rate_ok": 0.0, "balanced_accuracy": 1.0, "confusion": {"tn": 15, "fp": 0, "fn": 0, "tp": 90}, "per_defect_recall": {"missing_hole": 1.0, "mouse_bite": 1.0, "open_circuit": 1.0, "short": 1.0, "spur": 1.0, "spurious_copper": 1.0}, "images": 105}}
{"epoch": 6, "train_loss": 1.0481227536201476, "epoch_seconds": 47.04019127995707, "validation_top2": {"threshold": 0.59, "auroc": 1.0, "auprc": 0.9999999999999999, "f1": 1.0, "precision_ng": 1.0, "recall_ng": 1.0, "specificity_ok": 1.0, "false_positive_rate_ok": 0.0, "balanced_accuracy": 1.0, "confusion": {"tn": 15, "fp": 0, "fn": 0, "tp": 90}, "per_defect_recall": {"missing_hole": 1.0, "mouse_bite": 1.0, "open_circuit": 1.0, "short": 1.0, "spur": 1.0, "spurious_copper": 1.0}, "images": 105}}
{"epoch": 9, "train_loss": 1.0436609539985657, "epoch_seconds": 46.97799795307219, "validation_top2": {"threshold": 0.62, "auroc": 1.0, "auprc": 0.9999999999999999, "f1": 1.0, "precision_ng": 1.0, "recall_ng": 1.0, "specificity_ok": 1.0, "false_positive_rate_ok": 0.0, "balanced_accuracy": 1.0, "confusion": {"tn": 15, "fp": 0, "fn": 0, "tp": 90}, "per_defect_recall": {"missing_hole": 1.0, "mouse_bite": 1.0, "open_circuit": 1.0, "short": 1.0, "spur": 1.0, "spurious_copper": 1.0}, "images": 105}}
{"epoch": 12, "train_loss": 1.0369672522544862, "epoch_seconds": 45.294144049985334, "validation_top2": {"threshold": 0.5700000000000001, "auroc": 1.0, "auprc": 0.9999999999999999, "f1": 1.0, "precision_ng": 1.0, "recall_ng": 1.0, "specificity_ok": 1.0, "false_positive_rate_ok": 0.0, "balanced_accuracy": 1.0, "confusion": {"tn": 15, "fp": 0, "fn": 0, "tp": 90}, "per_defect_recall": {"missing_hole": 1.0, "mouse_bite": 1.0, "open_circuit": 1.0, "short": 1.0, "spur": 1.0, "spurious_copper": 1.0}, "images": 105}}
{
  "name": "vertical_V090_seed20260910",
  "backbone": "resnet18",
  "image_size": 256,
  "prototype": true,
  "prototype_count": 417,
  "glass": true,
  "glass_steps": 1,
  "shots_per_class": 72,
  "include_classes": [
    "missing_hole",
    "mouse_bite",
    "open_circuit",
    "short",
    "spur",
    "spurious_copper"
  ],
  "initial_weights": "/root/program_runs/iterative/vertical/seed_20260910/V080/weights.pt",
  "learning_rate_scale": 0.5,
  "train_tile_counts": {
    "0": 3041,
    "1": 3225
  },
  "train_tile_counts_by_class": {
    "ok": 3041,
    "missing_hole": 517,
    "mouse_bite": 542,
    "open_circuit": 513,
    "short": 545,
    "spur": 546,
    "spurious_copper": 562
  },
  "image_counts": {
    "train": 504,
    "val": 105,
    "test": 140
  },
  "epoch_samples": 2000,
  "epochs_completed": 12,
  "training_seconds": 552.3062043054961,
  "validation": {
    "max": {
      "threshold": 0.625514566898346,
      "auroc": 1.0,
      "auprc": 0.9999999999999999,
      "f1": 1.0,
      "precision_ng": 1.0,
      "recall_ng": 1.0,
      "specificity_ok": 1.0,
      "false_positive_rate_ok": 0.0,
      "balanced_accuracy": 1.0,
      "confusion": {
        "tn": 15,
        "fp": 0,
        "fn": 0,
        "tp": 90
      },
      "per_defect_recall": {
        "missing_hole": 1.0,
        "mouse_bite": 1.0,
        "open_circuit": 1.0,
        "short": 1.0,
        "spur": 1.0,
        "spurious_copper": 1.0
      },
      "images": 105
    },
    "top2": {
      "threshold": 0.6,
      "auroc": 1.0,
      "auprc": 0.9999999999999999,
      "f1": 1.0,
      "precision_ng": 1.0,
      "recall_ng": 1.0,
      "specificity_ok": 1.0,
      "false_positive_rate_ok": 0.0,
      "balanced_accuracy": 1.0,
      "confusion": {
        "tn": 15,
        "fp": 0,
        "fn": 0,
        "tp": 90
      },
      "per_defect_recall": {
        "missing_hole": 1.0,
        "mouse_bite": 1.0,
        "open_circuit": 1.0,
        "short": 1.0,
        "spur": 1.0,
        "spurious_copper": 1.0
      },
      "images": 105
    },
    "top3": {
      "threshold": 0.59,
      "auroc": 1.0,
      "auprc": 0.9999999999999999,
      "f1": 1.0,
      "precision_ng": 1.0,
      "recall_ng": 1.0,
      "specificity_ok": 1.0,
      "false_positive_rate_ok": 0.0,
      "balanced_accuracy": 1.0,
      "confusion": {
        "tn": 15,
        "fp": 0,
        "fn": 0,
        "tp": 90
      },
      "per_defect_recall": {
        "missing_hole": 1.0,
        "mouse_bite": 1.0,
        "open_circuit": 1.0,
        "short": 1.0,
        "spur": 1.0,
        "spurious_copper": 1.0
      },
      "images": 105
    }
  },
  "test": {
    "max": {
      "threshold": 0.625514566898346,
      "auroc": 1.0,
      "auprc": 0.9999999999999998,
      "f1": 1.0,
      "precision_ng": 1.0,
      "recall_ng": 1.0,
      "specificity_ok": 1.0,
      "false_positive_rate_ok": 0.0,
      "balanced_accuracy": 1.0,
      "confusion": {
        "tn": 20,
        "fp": 0,
        "fn": 0,
        "tp": 120
      },
      "per_defect_recall": {
        "missing_hole": 1.0,
        "mouse_bite": 1.0,
        "open_circuit": 1.0,
        "short": 1.0,
        "spur": 1.0,
        "spurious_copper": 1.0
      },
      "images": 140
    },
    "top2": {
      "threshold": 0.6,
      "auroc": 1.0,
      "auprc": 1.0,
      "f1": 1.0,
      "precision_ng": 1.0,
      "recall_ng": 1.0,
      "specificity_ok": 1.0,
      "false_positive_rate_ok": 0.0,
      "balanced_accuracy": 1.0,
      "confusion": {
        "tn": 20,
        "fp": 0,
        "fn": 0,
        "tp": 120
      },
      "per_defect_recall": {
        "missing_hole": 1.0,
        "mouse_bite": 1.0,
        "open_circuit": 1.0,
        "short": 1.0,
        "spur": 1.0,
        "spurious_copper": 1.0
      },
      "images": 140
    },
    "top3": {
      "threshold": 0.59,
      "auroc": 1.0,
      "auprc": 0.9999999999999999,
      "f1": 0.9915966386554622,
      "precision_ng": 1.0,
      "recall_ng": 0.9833333333333333,
      "specificity_ok": 1.0,
      "false_positive_rate_ok": 0.0,
      "balanced_accuracy": 0.9916666666666667,
      "confusion": {
        "tn": 20,
        "fp": 0,
        "fn": 2,
        "tp": 118
      },
      "per_defect_recall": {
        "missing_hole": 1.0,
        "mouse_bite": 1.0,
        "open_circuit": 1.0,
        "short": 1.0,
        "spur": 0.9,
        "spurious_copper": 1.0
      },
      "images": 140
    }
  },
  "selected_aggregation": "top2",
  "latency_mean_ms_per_tile": 1.391989349940559,
  "latency_p95_ms_per_tile": 1.4714593839016743,
  "parameter_count": 4563783,
  "torch_version": "2.11.0+cu128",
  "cuda_version": "12.8",
  "device": "NVIDIA GeForce RTX 5080",
  "peak_gpu_memory_mb": 3019.55419921875,
  "normal_data_warning": "OK validation/test images are synthetic; real-OK calibration is pending"
}
