/root/chip_env/lib/python3.11/site-packages/torch/functional.py:505: UserWarning: torch.meshgrid: in an upcoming release, it will be required to pass the indexing argument. (Triggered internally at /pytorch/aten/src/ATen/native/TensorShape.cpp:4381.)
  return _VF.meshgrid(tensors, **kwargs)  # type: ignore[attr-defined]
{"epoch": 3, "train_loss": 1.0643987069129943, "epoch_seconds": 27.35927915200591, "validation_top2": {"threshold": 0.66, "auroc": 1.0, "auprc": 1.0, "f1": 1.0, "precision_ng": 1.0, "recall_ng": 1.0, "specificity_ok": 1.0, "false_positive_rate_ok": 0.0, "balanced_accuracy": 1.0, "confusion": {"tn": 15, "fp": 0, "fn": 0, "tp": 45}, "per_defect_recall": {"missing_hole": 1.0, "mouse_bite": 1.0, "open_circuit": 1.0}, "images": 60}}
{"epoch": 6, "train_loss": 1.0606852474212647, "epoch_seconds": 27.745822712080553, "validation_top2": {"threshold": 0.67, "auroc": 0.994074074074074, "auprc": 0.9981859410430841, "f1": 0.9887640449438202, "precision_ng": 1.0, "recall_ng": 0.9777777777777777, "specificity_ok": 1.0, "false_positive_rate_ok": 0.0, "balanced_accuracy": 0.9888888888888889, "confusion": {"tn": 15, "fp": 0, "fn": 1, "tp": 44}, "per_defect_recall": {"missing_hole": 1.0, "mouse_bite": 0.9333333333333333, "open_circuit": 1.0}, "images": 60}}
{"epoch": 9, "train_loss": 1.0584761323928833, "epoch_seconds": 28.047395972069353, "validation_top2": {"threshold": 0.62, "auroc": 1.0, "auprc": 1.0, "f1": 1.0, "precision_ng": 1.0, "recall_ng": 1.0, "specificity_ok": 1.0, "false_positive_rate_ok": 0.0, "balanced_accuracy": 1.0, "confusion": {"tn": 15, "fp": 0, "fn": 0, "tp": 45}, "per_defect_recall": {"missing_hole": 1.0, "mouse_bite": 1.0, "open_circuit": 1.0}, "images": 60}}
{"epoch": 12, "train_loss": 1.0402392411231995, "epoch_seconds": 26.13615519180894, "validation_top2": {"threshold": 0.56, "auroc": 1.0, "auprc": 1.0, "f1": 1.0, "precision_ng": 1.0, "recall_ng": 1.0, "specificity_ok": 1.0, "false_positive_rate_ok": 0.0, "balanced_accuracy": 1.0, "confusion": {"tn": 15, "fp": 0, "fn": 0, "tp": 45}, "per_defect_recall": {"missing_hole": 1.0, "mouse_bite": 1.0, "open_circuit": 1.0}, "images": 60}}
{
  "name": "no_replay_horizontal_H03_open_circuit_seed20260910",
  "backbone": "resnet18",
  "image_size": 256,
  "prototype": true,
  "prototype_count": 417,
  "glass": true,
  "glass_steps": 1,
  "shots_per_class": 0,
  "include_classes": [
    "missing_hole",
    "mouse_bite",
    "open_circuit"
  ],
  "train_classes": [
    "open_circuit"
  ],
  "eval_classes": [
    "missing_hole",
    "mouse_bite",
    "open_circuit"
  ],
  "train_rank_start": 1,
  "train_rank_end": 80,
  "fixed_ok_train": true,
  "initial_weights": "/root/program_runs/iterative_no_replay/horizontal/seed_20260910/H02_mouse_bite/weights.pt",
  "learning_rate_scale": 0.5,
  "train_tile_counts": {
    "0": 3398,
    "1": 585
  },
  "train_tile_counts_by_class": {
    "ok": 3398,
    "open_circuit": 585
  },
  "image_counts": {
    "train": 160,
    "val": 60,
    "test": 80
  },
  "epoch_samples": 2000,
  "epochs_completed": 12,
  "training_seconds": 325.7265124619007,
  "validation": {
    "max": {
      "threshold": 0.66,
      "auroc": 1.0,
      "auprc": 1.0,
      "f1": 1.0,
      "precision_ng": 1.0,
      "recall_ng": 1.0,
      "specificity_ok": 1.0,
      "false_positive_rate_ok": 0.0,
      "balanced_accuracy": 1.0,
      "confusion": {
        "tn": 15,
        "fp": 0,
        "fn": 0,
        "tp": 45
      },
      "per_defect_recall": {
        "missing_hole": 1.0,
        "mouse_bite": 1.0,
        "open_circuit": 1.0
      },
      "images": 60
    },
    "top2": {
      "threshold": 0.66,
      "auroc": 1.0,
      "auprc": 1.0,
      "f1": 1.0,
      "precision_ng": 1.0,
      "recall_ng": 1.0,
      "specificity_ok": 1.0,
      "false_positive_rate_ok": 0.0,
      "balanced_accuracy": 1.0,
      "confusion": {
        "tn": 15,
        "fp": 0,
        "fn": 0,
        "tp": 45
      },
      "per_defect_recall": {
        "missing_hole": 1.0,
        "mouse_bite": 1.0,
        "open_circuit": 1.0
      },
      "images": 60
    },
    "top3": {
      "threshold": 0.66,
      "auroc": 1.0,
      "auprc": 1.0,
      "f1": 1.0,
      "precision_ng": 1.0,
      "recall_ng": 1.0,
      "specificity_ok": 1.0,
      "false_positive_rate_ok": 0.0,
      "balanced_accuracy": 1.0,
      "confusion": {
        "tn": 15,
        "fp": 0,
        "fn": 0,
        "tp": 45
      },
      "per_defect_recall": {
        "missing_hole": 1.0,
        "mouse_bite": 1.0,
        "open_circuit": 1.0
      },
      "images": 60
    }
  },
  "test": {
    "max": {
      "threshold": 0.66,
      "auroc": 1.0,
      "auprc": 1.0,
      "f1": 0.9915966386554622,
      "precision_ng": 1.0,
      "recall_ng": 0.9833333333333333,
      "specificity_ok": 1.0,
      "false_positive_rate_ok": 0.0,
      "balanced_accuracy": 0.9916666666666667,
      "confusion": {
        "tn": 20,
        "fp": 0,
        "fn": 1,
        "tp": 59
      },
      "per_defect_recall": {
        "missing_hole": 1.0,
        "mouse_bite": 0.95,
        "open_circuit": 1.0
      },
      "images": 80
    },
    "top2": {
      "threshold": 0.66,
      "auroc": 1.0,
      "auprc": 1.0,
      "f1": 0.9915966386554622,
      "precision_ng": 1.0,
      "recall_ng": 0.9833333333333333,
      "specificity_ok": 1.0,
      "false_positive_rate_ok": 0.0,
      "balanced_accuracy": 0.9916666666666667,
      "confusion": {
        "tn": 20,
        "fp": 0,
        "fn": 1,
        "tp": 59
      },
      "per_defect_recall": {
        "missing_hole": 1.0,
        "mouse_bite": 0.95,
        "open_circuit": 1.0
      },
      "images": 80
    },
    "top3": {
      "threshold": 0.66,
      "auroc": 1.0,
      "auprc": 1.0,
      "f1": 0.9915966386554622,
      "precision_ng": 1.0,
      "recall_ng": 0.9833333333333333,
      "specificity_ok": 1.0,
      "false_positive_rate_ok": 0.0,
      "balanced_accuracy": 0.9916666666666667,
      "confusion": {
        "tn": 20,
        "fp": 0,
        "fn": 1,
        "tp": 59
      },
      "per_defect_recall": {
        "missing_hole": 1.0,
        "mouse_bite": 0.95,
        "open_circuit": 1.0
      },
      "images": 80
    }
  },
  "selected_aggregation": "top2",
  "latency_mean_ms_per_tile": 1.3190256264351774,
  "latency_p95_ms_per_tile": 1.3286682580655906,
  "parameter_count": 4563783,
  "torch_version": "2.11.0+cu128",
  "cuda_version": "12.8",
  "device": "NVIDIA GeForce RTX 5080",
  "peak_gpu_memory_mb": 3019.55419921875,
  "normal_data_warning": "OK validation/test images are synthetic; real-OK calibration is pending"
}
