/root/chip_env/lib/python3.11/site-packages/torch/functional.py:505: UserWarning: torch.meshgrid: in an upcoming release, it will be required to pass the indexing argument. (Triggered internally at /pytorch/aten/src/ATen/native/TensorShape.cpp:4381.)
  return _VF.meshgrid(tensors, **kwargs)  # type: ignore[attr-defined]
{"epoch": 3, "train_loss": 1.177628654241562, "epoch_seconds": 11.806566428858787, "validation_top2": {"threshold": 0.7762881815433502, "auroc": 0.6755555555555556, "auprc": 0.8875840010519437, "f1": 0.9621621621621622, "precision_ng": 0.9368421052631579, "recall_ng": 0.9888888888888889, "specificity_ok": 0.6, "false_positive_rate_ok": 0.4, "balanced_accuracy": 0.7944444444444445, "confusion": {"tn": 9, "fp": 6, "fn": 1, "tp": 89}, "per_defect_recall": {"missing_hole": 1.0, "mouse_bite": 1.0, "open_circuit": 1.0, "short": 0.9333333333333333, "spur": 1.0, "spurious_copper": 1.0}, "images": 105}}
{"epoch": 6, "train_loss": 1.136045241355896, "epoch_seconds": 12.038952197181061, "validation_top2": {"threshold": 0.6900000000000001, "auroc": 0.6488888888888888, "auprc": 0.8838635080760416, "f1": 0.9333333333333333, "precision_ng": 0.9333333333333333, "recall_ng": 0.9333333333333333, "specificity_ok": 0.6, "false_positive_rate_ok": 0.4, "balanced_accuracy": 0.7666666666666666, "confusion": {"tn": 9, "fp": 6, "fn": 6, "tp": 84}, "per_defect_recall": {"missing_hole": 1.0, "mouse_bite": 0.8666666666666667, "open_circuit": 0.8666666666666667, "short": 1.0, "spur": 0.8666666666666667, "spurious_copper": 1.0}, "images": 105}}
{"epoch": 9, "train_loss": 1.1093022316694259, "epoch_seconds": 12.061714181909338, "validation_top2": {"threshold": 0.6586613059043884, "auroc": 0.6696296296296296, "auprc": 0.8867053446282072, "f1": 0.9473684210526315, "precision_ng": 0.9, "recall_ng": 1.0, "specificity_ok": 0.3333333333333333, "false_positive_rate_ok": 0.6666666666666666, "balanced_accuracy": 0.6666666666666666, "confusion": {"tn": 5, "fp": 10, "fn": 0, "tp": 90}, "per_defect_recall": {"missing_hole": 1.0, "mouse_bite": 1.0, "open_circuit": 1.0, "short": 1.0, "spur": 1.0, "spurious_copper": 1.0}, "images": 105}}
{"epoch": 12, "train_loss": 1.0594371408224106, "epoch_seconds": 12.151212064083666, "validation_top2": {"threshold": 0.5680061280727386, "auroc": 0.6799999999999999, "auprc": 0.8881891201300026, "f1": 0.967741935483871, "precision_ng": 0.9375, "recall_ng": 1.0, "specificity_ok": 0.6, "false_positive_rate_ok": 0.4, "balanced_accuracy": 0.8, "confusion": {"tn": 9, "fp": 6, "fn": 0, "tp": 90}, "per_defect_recall": {"missing_hole": 1.0, "mouse_bite": 1.0, "open_circuit": 1.0, "short": 1.0, "spur": 1.0, "spurious_copper": 1.0}, "images": 105}}
{
  "name": "vertical_V010_seed20260910",
  "backbone": "resnet18",
  "image_size": 256,
  "prototype": true,
  "prototype_count": 176,
  "glass": true,
  "glass_steps": 1,
  "shots_per_class": 8,
  "include_classes": [
    "missing_hole",
    "mouse_bite",
    "open_circuit",
    "short",
    "spur",
    "spurious_copper"
  ],
  "initial_weights": null,
  "learning_rate_scale": 1.0,
  "train_tile_counts": {
    "0": 320,
    "1": 312
  },
  "train_tile_counts_by_class": {
    "ok": 320,
    "missing_hole": 46,
    "mouse_bite": 53,
    "open_circuit": 45,
    "short": 59,
    "spur": 51,
    "spurious_copper": 58
  },
  "image_counts": {
    "train": 56,
    "val": 105,
    "test": 140
  },
  "epoch_samples": 640,
  "epochs_completed": 12,
  "training_seconds": 146.59637812850997,
  "validation": {
    "max": {
      "threshold": 0.5737155079841614,
      "auroc": 0.6792592592592592,
      "auprc": 0.8880817318138515,
      "f1": 0.9625668449197861,
      "precision_ng": 0.9278350515463918,
      "recall_ng": 1.0,
      "specificity_ok": 0.5333333333333333,
      "false_positive_rate_ok": 0.4666666666666667,
      "balanced_accuracy": 0.7666666666666666,
      "confusion": {
        "tn": 8,
        "fp": 7,
        "fn": 0,
        "tp": 90
      },
      "per_defect_recall": {
        "missing_hole": 1.0,
        "mouse_bite": 1.0,
        "open_circuit": 1.0,
        "short": 1.0,
        "spur": 1.0,
        "spurious_copper": 1.0
      },
      "images": 105
    },
    "top2": {
      "threshold": 0.5680061280727386,
      "auroc": 0.6799999999999999,
      "auprc": 0.8881891201300026,
      "f1": 0.967741935483871,
      "precision_ng": 0.9375,
      "recall_ng": 1.0,
      "specificity_ok": 0.6,
      "false_positive_rate_ok": 0.4,
      "balanced_accuracy": 0.8,
      "confusion": {
        "tn": 9,
        "fp": 6,
        "fn": 0,
        "tp": 90
      },
      "per_defect_recall": {
        "missing_hole": 1.0,
        "mouse_bite": 1.0,
        "open_circuit": 1.0,
        "short": 1.0,
        "spur": 1.0,
        "spurious_copper": 1.0
      },
      "images": 105
    },
    "top3": {
      "threshold": 0.5596426526705424,
      "auroc": 0.6792592592592592,
      "auprc": 0.8880817318138515,
      "f1": 0.9625668449197861,
      "precision_ng": 0.9278350515463918,
      "recall_ng": 1.0,
      "specificity_ok": 0.5333333333333333,
      "false_positive_rate_ok": 0.4666666666666667,
      "balanced_accuracy": 0.7666666666666666,
      "confusion": {
        "tn": 8,
        "fp": 7,
        "fn": 0,
        "tp": 90
      },
      "per_defect_recall": {
        "missing_hole": 1.0,
        "mouse_bite": 1.0,
        "open_circuit": 1.0,
        "short": 1.0,
        "spur": 1.0,
        "spurious_copper": 1.0
      },
      "images": 105
    }
  },
  "test": {
    "max": {
      "threshold": 0.5737155079841614,
      "auroc": 0.6216666666666667,
      "auprc": 0.8768057853202247,
      "f1": 0.952,
      "precision_ng": 0.9153846153846154,
      "recall_ng": 0.9916666666666667,
      "specificity_ok": 0.45,
      "false_positive_rate_ok": 0.55,
      "balanced_accuracy": 0.7208333333333333,
      "confusion": {
        "tn": 9,
        "fp": 11,
        "fn": 1,
        "tp": 119
      },
      "per_defect_recall": {
        "missing_hole": 1.0,
        "mouse_bite": 1.0,
        "open_circuit": 1.0,
        "short": 1.0,
        "spur": 0.95,
        "spurious_copper": 1.0
      },
      "images": 140
    },
    "top2": {
      "threshold": 0.5680061280727386,
      "auroc": 0.6245833333333333,
      "auprc": 0.8771998269463883,
      "f1": 0.9558232931726908,
      "precision_ng": 0.9224806201550387,
      "recall_ng": 0.9916666666666667,
      "specificity_ok": 0.5,
      "false_positive_rate_ok": 0.5,
      "balanced_accuracy": 0.7458333333333333,
      "confusion": {
        "tn": 10,
        "fp": 10,
        "fn": 1,
        "tp": 119
      },
      "per_defect_recall": {
        "missing_hole": 1.0,
        "mouse_bite": 1.0,
        "open_circuit": 1.0,
        "short": 1.0,
        "spur": 0.95,
        "spurious_copper": 1.0
      },
      "images": 140
    },
    "top3": {
      "threshold": 0.5596426526705424,
      "auroc": 0.6245833333333333,
      "auprc": 0.8771998269463883,
      "f1": 0.952,
      "precision_ng": 0.9153846153846154,
      "recall_ng": 0.9916666666666667,
      "specificity_ok": 0.45,
      "false_positive_rate_ok": 0.55,
      "balanced_accuracy": 0.7208333333333333,
      "confusion": {
        "tn": 9,
        "fp": 11,
        "fn": 1,
        "tp": 119
      },
      "per_defect_recall": {
        "missing_hole": 1.0,
        "mouse_bite": 1.0,
        "open_circuit": 1.0,
        "short": 1.0,
        "spur": 0.95,
        "spurious_copper": 1.0
      },
      "images": 140
    }
  },
  "selected_aggregation": "top2",
  "latency_mean_ms_per_tile": 1.3442226183542516,
  "latency_p95_ms_per_tile": 1.3677839691808913,
  "parameter_count": 4563783,
  "torch_version": "2.11.0+cu128",
  "cuda_version": "12.8",
  "device": "NVIDIA GeForce RTX 5080",
  "peak_gpu_memory_mb": 3019.55419921875,
  "normal_data_warning": "OK validation/test images are synthetic; real-OK calibration is pending"
}
